
> bunny-wonderworld@0.1.0 build
> next build

node.exe : ÔÜá Warning: Next.js inferred 
your workspace root, but it may not be 
correct.
At C:\Program Files\nodejs\npm.ps1:29 
char:3
+   & $NODE_EXE $NPM_CLI_JS $args
+   ~~~~~~~~~~~~~~~~~~~~~~~~~~~~~
    + CategoryInfo          : NotSpecifi 
   ed: (ÔÜá Warning: Ne...not be correc  
  t.:String) [], RemoteException
    + FullyQualifiedErrorId : NativeComm 
   andError
 
 We detected multiple lockfiles and 
selected the directory of 
C:\Users\asxsi\package-lock.json as the 
root directory.
 To silence this warning, set 
`turbopack.root` in your Next.js config, 
or consider removing one of the 
lockfiles if it's not needed.
   See https://nextjs.org/docs/app/api-re
ference/config/next-config-js/turbopack#r
oot-directory for more information.
 Detected additional lockfiles: 
   * 
C:\Users\asxsi\OneDrive\Desktop\BUNNY 
PROTFOLIO\package-lock.json

Ôû▓ Next.js 16.1.1 (Turbopack)
- Environments: .env.local

ÔÜá The "middleware" file convention is 
deprecated. Please use "proxy" instead. 
Learn more: https://nextjs.org/docs/messa
ges/middleware-to-proxy
  Creating an optimized production build ...
Ô£ô Compiled successfully in 3.3s
  Running TypeScript ...
Failed to compile.

./app/login/forgot/page.tsx:15:40
Type error: No overload matches this 
call.
  Overload 1 of 2, '(action: (state: { 
error: string; success?: undefined; } | 
{ success: string; error?: undefined; }) 
=> { error: string; success?: undefined; 
} | { success: string; error?: 
undefined; } | Promise<{ error: string; 
success?: undefined; } | { ...; }>, 
initialState: { ...; } | { ...; }, 
permalink?: string | undefined): [state: 
...]', gave the following error.
    Argument of type '(prevState: any, 
formData: FormData) => Promise<{ error: 
string; success?: undefined; } | { 
success: string; error?: undefined; }>' 
is not assignable to parameter of type 
'(state: { error: string; success?: 
undefined; } | { success: string; 
error?: undefined; }) => { error: 
string; success?: undefined; } | { 
success: string; error?: undefined; } | 
Promise<{ error: string; success?: 
undefined; } | { ...; }>'.
      Target signature provides too few 
arguments. Expected 2 or more, but got 1.
  Overload 2 of 2, '(action: (state: { 
error: string; success?: undefined; } | 
{ success: string; error?: undefined; }, 
payload: FormData) => { error: string; 
success?: undefined; } | { success: 
string; error?: undefined; } | 
Promise<...>, initialState: { ...; } | { 
...; }, permalink?: string | undefined): 
[state: ...]', gave the following error.
    Argument of type '{ error: string; 
success: string; }' is not assignable to 
parameter of type '{ error: string; 
success?: undefined; } | { success: 
string; error?: undefined; }'.
      Type '{ error: string; success: 
string; }' is not assignable to type '{ 
error: string; success?: undefined; }'.
        Types of property 'success' are 
incompatible.
          Type 'string' is not 
assignable to type 'undefined'.

[0m [90m 13 |[39m
 [90m 14 |[39m [36mexport[39m 
[36mdefault[39m [36mfunction[39m 
[33mForgotPasswordPage[39m() {
[31m[1m>[22m[39m[90m 15 |[39m     
[36mconst[39m [state[33m,[39m 
action[33m,[39m isPending] [33m=[39m 
useActionState(requestPasswordReset[33m,
[39m initialState)[33m;[39m
 [90m    |[39m                         
               [31m[1m^[22m[39m
 [90m 16 |[39m
 [90m 17 |[39m     [36mreturn[39m (
 [90m 18 |[39m         
[33m<[39m[33mmain[39m 
className[33m=[39m[32m"min-h-screen 
flex items-center justify-center 
p-4"[39m[33m>[39m[0m
Next.js build worker exited with code: 1 
and signal: null
